// Vitest Snapshot v1, https://vitest.dev/guide/snapshot.html

exports[`eslint-config-uphold > should generate violations for incorrect code 1`] = `
[
  {
    "column": 15,
    "line": 7,
    "ruleId": "array-callback-return",
    "severity": 2,
  },
  {
    "column": 1,
    "line": 10,
    "ruleId": "no-console",
    "severity": 1,
  },
  {
    "column": 7,
    "line": 13,
    "ruleId": "consistent-this",
    "severity": 2,
  },
  {
    "column": 12,
    "line": 20,
    "ruleId": "curly",
    "severity": 2,
  },
  {
    "column": 13,
    "line": 25,
    "ruleId": "dot-notation",
    "severity": 2,
  },
  {
    "column": 5,
    "line": 28,
    "ruleId": "id-match",
    "severity": 2,
  },
  {
    "column": 1,
    "line": 33,
    "ruleId": "jsdoc/require-description-complete-sentence",
    "severity": 2,
  },
  {
    "column": 1,
    "line": 33,
    "ruleId": "jsdoc/require-description-complete-sentence",
    "severity": 2,
  },
  {
    "column": 10,
    "line": 37,
    "ruleId": "mocha/no-exclusive-tests",
    "severity": 2,
  },
  {
    "column": 3,
    "line": 44,
    "ruleId": "mocha/no-identical-title",
    "severity": 2,
  },
  {
    "column": 3,
    "line": 49,
    "ruleId": "mocha/no-nested-tests",
    "severity": 2,
  },
  {
    "column": 3,
    "line": 55,
    "ruleId": "mocha/no-sibling-hooks",
    "severity": 2,
  },
  {
    "column": 1,
    "line": 61,
    "ruleId": "no-new",
    "severity": 2,
  },
  {
    "column": 5,
    "line": 61,
    "ruleId": "new-cap",
    "severity": 2,
  },
  {
    "column": 1,
    "line": 66,
    "ruleId": "no-class-assign",
    "severity": 2,
  },
  {
    "column": 1,
    "line": 73,
    "ruleId": "no-const-assign",
    "severity": 2,
  },
  {
    "column": 5,
    "line": 78,
    "ruleId": "no-constant-condition",
    "severity": 2,
  },
  {
    "column": 3,
    "line": 88,
    "ruleId": "no-dupe-class-members",
    "severity": 2,
  },
  {
    "column": 34,
    "line": 96,
    "ruleId": "no-dupe-keys",
    "severity": 2,
  },
  {
    "column": 28,
    "line": 101,
    "ruleId": "no-irregular-whitespace",
    "severity": 2,
  },
  {
    "column": 26,
    "line": 102,
    "ruleId": "no-irregular-whitespace",
    "severity": 2,
  },
  {
    "column": 45,
    "line": 102,
    "ruleId": "prettier/prettier",
    "severity": 2,
  },
  {
    "column": 45,
    "line": 102,
    "ruleId": "no-irregular-whitespace",
    "severity": 2,
  },
  {
    "column": 75,
    "line": 102,
    "ruleId": "no-irregular-whitespace",
    "severity": 2,
  },
  {
    "column": 1,
    "line": 105,
    "ruleId": "no-labels",
    "severity": 2,
  },
  {
    "column": 3,
    "line": 106,
    "ruleId": "no-labels",
    "severity": 2,
  },
  {
    "column": 19,
    "line": 110,
    "ruleId": "prettier/prettier",
    "severity": 2,
  },
  {
    "column": 20,
    "line": 110,
    "ruleId": "no-multi-str",
    "severity": 2,
  },
  {
    "column": 5,
    "line": 120,
    "ruleId": "no-this-before-super",
    "severity": 2,
  },
  {
    "column": 5,
    "line": 130,
    "ruleId": "no-underscore-dangle",
    "severity": 2,
  },
  {
    "column": 7,
    "line": 137,
    "ruleId": "no-unused-vars",
    "severity": 2,
  },
  {
    "column": 7,
    "line": 141,
    "ruleId": "prefer-destructuring",
    "severity": 2,
  },
  {
    "column": 7,
    "line": 142,
    "ruleId": "prefer-destructuring",
    "severity": 2,
  },
  {
    "column": 21,
    "line": 147,
    "ruleId": "prettier/prettier",
    "severity": 2,
  },
  {
    "column": 26,
    "line": 151,
    "ruleId": "prettier/prettier",
    "severity": 2,
  },
  {
    "column": 7,
    "line": 157,
    "ruleId": "promise/prefer-await-to-then",
    "severity": 2,
  },
  {
    "column": 1,
    "line": 166,
    "ruleId": "uphold-plugin/explicit-sinon-use-fake-timers",
    "severity": 2,
  },
  {
    "column": 15,
    "line": 177,
    "ruleId": "sort-destructure-keys/sort-destructure-keys",
    "severity": 2,
  },
  {
    "column": 16,
    "line": 178,
    "ruleId": "sort-destructure-keys/sort-destructure-keys",
    "severity": 2,
  },
  {
    "column": 22,
    "line": 179,
    "ruleId": "sort-destructure-keys/sort-destructure-keys",
    "severity": 2,
  },
  {
    "column": 1,
    "line": 190,
    "ruleId": "sort-imports-requires/sort-imports",
    "severity": 2,
  },
  {
    "column": 1,
    "line": 197,
    "ruleId": "sort-imports-requires/sort-requires",
    "severity": 2,
  },
  {
    "column": 3,
    "line": 206,
    "ruleId": "sort-keys-fix/sort-keys-fix",
    "severity": 2,
  },
  {
    "column": 1,
    "line": 213,
    "ruleId": "stylistic/padding-line-between-statements",
    "severity": 2,
  },
  {
    "column": 3,
    "line": 219,
    "ruleId": "stylistic/padding-line-between-statements",
    "severity": 2,
  },
  {
    "column": 1,
    "line": 225,
    "ruleId": "stylistic/spaced-comment",
    "severity": 2,
  },
  {
    "column": 10,
    "line": 233,
    "ruleId": "sql-template/no-unsafe-query",
    "severity": 2,
  },
  {
    "column": 5,
    "line": 238,
    "ruleId": "yoda",
    "severity": 2,
  },
]
`;
